// Jest Snapshot v1, https://goo.gl/fbAQLP

exports[`<MainPanel /> component should mount correctly 1`] = `ShallowWrapper {}`;
