// Jest Snapshot v1, https://goo.gl/fbAQLP

exports[`<SelectPanel /> component should mount correctly 1`] = `ReactWrapper {}`;
